
> winora@0.1.0 build
> next build

  Γû▓ Next.js 14.2.35
  - Environments: .env.local

   Creating an optimized production build ...
node.exe : <w> [webpack.cache.PackFileCacheStrategy] Serializing big strings (102kiB) impacts deserialization performance (consider using Buffer instead 
and decode when needed)
At line:1 char:1
+ & "C:\Program Files\nodejs/node.exe" "C:\Users\HP\AppData\Roaming\npm ...
+ ~~~~~~~~~~~~~~~~~~~~~~~~~~~~~~~~~~~~~~~~~~~~~~~~~~~~~~~~~~~~~~~~~~~~~
    + CategoryInfo          : NotSpecified: (<w> [webpack.ca...de when needed):String) [], RemoteException
    + FullyQualifiedErrorId : NativeCommandError
 
<w> [webpack.cache.PackFileCacheStrategy] Serializing big strings (243kiB) impacts deserialization performance (consider using Buffer instead and decode 
when needed)
 Γ£ô Compiled successfully
   Linting and checking validity of types ...
Failed to compile.

./src/app/blog/[id]/page.tsx:21:16
Type error: Binding element 'data' implicitly has an 'any' type.

[0m [90m 19 |[39m       [33m.[39meq([32m"id"[39m[33m,[39m id)[0m
[0m [90m 20 |[39m       [33m.[39msingle()[0m
[0m[31m[1m>[22m[39m[90m 21 |[39m       [33m.[39mthen(({ data }) [33m=>[39m setPost(data))[33m;[39m[0m
[0m [90m    |[39m                [31m[1m^[22m[39m[0m
[0m [90m 22 |[39m   }[33m,[39m [id])[33m;[39m[0m
[0m [90m 23 |[39m[0m
[0m [90m 24 |[39m   [36mif[39m ([33m![39mpost) {[0m
Next.js build worker exited with code: 1 and signal: null
